// Jest Snapshot v1, https://goo.gl/fbAQLP

exports[`App component renders App 1`] = `
<DocumentFragment>
  <label
    for="search"
  />
  <input
    id="search"
    name="search"
    type="text"
    value=""
  />
  <button>
    Send
  </button>
  <input
    id="get"
    name="method"
    type="radio"
    value="get"
  />
  GET
  <input
    id="post"
    name="method"
    type="radio"
    value="post"
  />
  POST
  <input
    id="put"
    name="method"
    type="radio"
    value="put"
  />
  PUT
  <input
    id="delete"
    name="method"
    type="radio"
    value="delete"
  />
  DELETE
</DocumentFragment>
`;
